// Vitest Snapshot v1

exports[`Vue > replaces routes in Vue components with setup sugar 1`] = `
"

"
`;
